../Drivers/CMSIS/Include/core_cm3.h:1762:34:__NVIC_SystemReset	4	static,ignoring_inline_asm
../Core/Src/main.c:136:5:main	80	static
../Core/Src/main.c:286:6:SystemClock_Config	72	static
../Core/Src/main.c:326:13:MX_CAN_Init	48	static
../Core/Src/main.c:382:13:MX_TIM2_Init	32	static
../Core/Src/main.c:427:13:MX_USART1_UART_Init	8	static
../Core/Src/main.c:460:13:MX_GPIO_Init	40	static
../Core/Src/main.c:487:6:HAL_SYSTICK_Callback	4	static
../Core/Src/main.c:492:6:HAL_CAN_RxFifo0MsgPendingCallback	16	static
../Core/Src/main.c:512:6:HAL_UART_RxCpltCallback	16	static
../Core/Src/main.c:517:6:HAL_TIM_PeriodElapsedCallback	16	static
../Core/Src/main.c:527:6:Error_Handler	4	static,ignoring_inline_asm
